
%define __spec_install_post %{nil}
%define debug_package %{nil}
%define __os_install_post %{_dbpath}/brp-compress
%define _arch amd64
%define _bindir /usr/local/bin

Name: foo
Summary: Foo does things
Version: 1.0.0
Release: 1
License: MIT
Group: Development/Tools
SOURCE0 : %{name}-%{version}.tar.gz
URL: http://carlosbecker.com
BuildRoot: %{_tmppath}/%{name}-%{version}-%{release}-root


Obsoletes: svn



Conflicts: zsh



Provides: bzr



Requires: bash




Recommends: git



Suggests: bash



%description
Foo does things

%prep
%setup -q

%build
# Empty section.

%install
rm -rf %{buildroot}
mkdir -p  %{buildroot}

# in builddir
cp -a * %{buildroot}

%clean
rm -rf %{buildroot}

%files
%defattr(-,root,root,-)

/usr/local/bin/fake

%{_bindir}/*

/etc/fake/fake.conf


%config(noreplace) /etc/fake/fake.conf


%pre
# noop

%post
# noop

%preun
# noop

%postun
# noop

%changelog
# noop
